Timestamp: 2023-11-27 11:51:05
Video ID: ATink4Ix84A
Error: Unlikely exercise video detected

Timestamp: 2023-11-27 11:51:06
Video ID: ATink4Ix84A
Error: Unlikely exercise video detected

Timestamp: 2023-11-27 11:51:39
Video ID: ATink4Ix84A
Error: Unlikely exercise video detected

